I'm sorry, but errors were detected in your script. Please correct the
errors listed below, and try again.


File "game/Capitulos/capitulo1.rpy", line 80: expected menuitem
    if musica == "V":
    ^

Ren'Py Version: Ren'Py 8.3.7.25031702
Sun Mar 30 21:54:38 2025
